2026-05-25 17:02:20 0 [Note] Starting MariaDB 10.4.32-MariaDB source revision c4143f909528e3fab0677a28631d10389354c491 as process 29496
2026-05-25 17:02:20 0 [Note] InnoDB: Mutexes and rw_locks use Windows interlocked functions
2026-05-25 17:02:20 0 [Note] InnoDB: Uses event mutexes
2026-05-25 17:02:20 0 [Note] InnoDB: Compressed tables use zlib 1.3
2026-05-25 17:02:20 0 [Note] InnoDB: Number of pools: 1
2026-05-25 17:02:20 0 [Note] InnoDB: Using SSE2 crc32 instructions
2026-05-25 17:02:20 0 [Note] InnoDB: Initializing buffer pool, total size = 16M, instances = 1, chunk size = 16M
2026-05-25 17:02:20 0 [Note] InnoDB: Completed initialization of buffer pool
2026-05-25 17:02:20 0 [Note] InnoDB: Starting crash recovery from checkpoint LSN=300288
2026-05-25 17:02:20 0 [Note] InnoDB: 128 out of 128 rollback segments are active.
2026-05-25 17:02:20 0 [Note] InnoDB: Removed temporary tablespace data file: "ibtmp1"
2026-05-25 17:02:20 0 [Note] InnoDB: Creating shared tablespace for temporary tables
2026-05-25 17:02:20 0 [Note] InnoDB: Setting file 'C:\xampp\htdocs\Kasibite\mysql\data\ibtmp1' size to 12 MB. Physically writing the file full; Please wait ...
2026-05-25 17:02:20 0 [Note] InnoDB: File 'C:\xampp\htdocs\Kasibite\mysql\data\ibtmp1' size is now 12 MB.
2026-05-25 17:02:20 0 [Note] InnoDB: Waiting for purge to start
2026-05-25 17:02:20 0 [Note] InnoDB: 10.4.32 started; log sequence number 300297; transaction id 170
2026-05-25 17:02:20 0 [Note] InnoDB: Loading buffer pool(s) from C:\xampp\htdocs\Kasibite\mysql\data\ib_buffer_pool
2026-05-25 17:02:20 0 [Note] Plugin 'FEEDBACK' is disabled.
2026-05-25 17:02:20 0 [Note] InnoDB: Buffer pool(s) load completed at 260525 17:02:20
2026-05-25 17:02:20 0 [Note] Server socket created on IP: '::'.
2026-05-25 17:02:20 0 [ERROR] Can't start server: Bind on TCP/IP port. Got error: 10048: Only one usage of each socket address (protocol/network address/port) is normally permitted.

2026-05-25 17:02:20 0 [ERROR] Do you already have another mysqld server running on port: 3306 ?
2026-05-25 17:02:20 0 [ERROR] Aborting
2026-05-25 17:02:39 0 [Note] Starting MariaDB 10.4.32-MariaDB source revision c4143f909528e3fab0677a28631d10389354c491 as process 25000
2026-05-25 17:02:39 0 [Note] InnoDB: Mutexes and rw_locks use Windows interlocked functions
2026-05-25 17:02:39 0 [Note] InnoDB: Uses event mutexes
2026-05-25 17:02:39 0 [Note] InnoDB: Compressed tables use zlib 1.3
2026-05-25 17:02:39 0 [Note] InnoDB: Number of pools: 1
2026-05-25 17:02:39 0 [Note] InnoDB: Using SSE2 crc32 instructions
2026-05-25 17:02:39 0 [Note] InnoDB: Initializing buffer pool, total size = 16M, instances = 1, chunk size = 16M
2026-05-25 17:02:39 0 [Note] InnoDB: Completed initialization of buffer pool
2026-05-25 17:02:39 0 [Note] InnoDB: 128 out of 128 rollback segments are active.
2026-05-25 17:02:39 0 [Note] InnoDB: Creating shared tablespace for temporary tables
2026-05-25 17:02:39 0 [Note] InnoDB: Setting file 'C:\xampp\htdocs\Kasibite\mysql\data\ibtmp1' size to 12 MB. Physically writing the file full; Please wait ...
2026-05-25 17:02:39 0 [Note] InnoDB: File 'C:\xampp\htdocs\Kasibite\mysql\data\ibtmp1' size is now 12 MB.
2026-05-25 17:02:39 0 [Note] InnoDB: Waiting for purge to start
2026-05-25 17:02:39 0 [Note] InnoDB: 10.4.32 started; log sequence number 300306; transaction id 170
2026-05-25 17:02:39 0 [Note] InnoDB: Loading buffer pool(s) from C:\xampp\htdocs\Kasibite\mysql\data\ib_buffer_pool
2026-05-25 17:02:39 0 [Note] Plugin 'FEEDBACK' is disabled.
2026-05-25 17:02:39 0 [Note] InnoDB: Buffer pool(s) load completed at 260525 17:02:39
2026-05-25 17:02:39 0 [Note] Server socket created on IP: '::'.
2026-05-25 17:02:39 0 [ERROR] Can't start server: Bind on TCP/IP port. Got error: 10048: Only one usage of each socket address (protocol/network address/port) is normally permitted.

2026-05-25 17:02:39 0 [ERROR] Do you already have another mysqld server running on port: 3306 ?
2026-05-25 17:02:39 0 [ERROR] Aborting
2026-05-25 17:02:49 0 [Note] Starting MariaDB 10.4.32-MariaDB source revision c4143f909528e3fab0677a28631d10389354c491 as process 17496
2026-05-25 17:02:49 0 [Note] InnoDB: Mutexes and rw_locks use Windows interlocked functions
2026-05-25 17:02:49 0 [Note] InnoDB: Uses event mutexes
2026-05-25 17:02:49 0 [Note] InnoDB: Compressed tables use zlib 1.3
2026-05-25 17:02:49 0 [Note] InnoDB: Number of pools: 1
2026-05-25 17:02:49 0 [Note] InnoDB: Using SSE2 crc32 instructions
2026-05-25 17:02:49 0 [Note] InnoDB: Initializing buffer pool, total size = 16M, instances = 1, chunk size = 16M
2026-05-25 17:02:49 0 [Note] InnoDB: Completed initialization of buffer pool
2026-05-25 17:02:50 0 [Note] InnoDB: 128 out of 128 rollback segments are active.
2026-05-25 17:02:50 0 [Note] InnoDB: Creating shared tablespace for temporary tables
2026-05-25 17:02:50 0 [Note] InnoDB: Setting file 'C:\xampp\htdocs\Kasibite\mysql\data\ibtmp1' size to 12 MB. Physically writing the file full; Please wait ...
2026-05-25 17:02:50 0 [Note] InnoDB: File 'C:\xampp\htdocs\Kasibite\mysql\data\ibtmp1' size is now 12 MB.
2026-05-25 17:02:50 0 [Note] InnoDB: Waiting for purge to start
2026-05-25 17:02:50 0 [Note] InnoDB: 10.4.32 started; log sequence number 300315; transaction id 170
2026-05-25 17:02:50 0 [Note] InnoDB: Loading buffer pool(s) from C:\xampp\htdocs\Kasibite\mysql\data\ib_buffer_pool
2026-05-25 17:02:50 0 [Note] Plugin 'FEEDBACK' is disabled.
2026-05-25 17:02:50 0 [Note] InnoDB: Buffer pool(s) load completed at 260525 17:02:50
2026-05-25 17:02:50 0 [Note] Server socket created on IP: '::'.
2026-05-25 17:02:50 0 [ERROR] Can't start server: Bind on TCP/IP port. Got error: 10048: Only one usage of each socket address (protocol/network address/port) is normally permitted.

2026-05-25 17:02:50 0 [ERROR] Do you already have another mysqld server running on port: 3306 ?
2026-05-25 17:02:50 0 [ERROR] Aborting
2026-05-25 17:04:35 0 [Note] Starting MariaDB 10.4.32-MariaDB source revision c4143f909528e3fab0677a28631d10389354c491 as process 25108
2026-05-25 17:04:35 0 [Note] InnoDB: Mutexes and rw_locks use Windows interlocked functions
2026-05-25 17:04:35 0 [Note] InnoDB: Uses event mutexes
2026-05-25 17:04:35 0 [Note] InnoDB: Compressed tables use zlib 1.3
2026-05-25 17:04:35 0 [Note] InnoDB: Number of pools: 1
2026-05-25 17:04:35 0 [Note] InnoDB: Using SSE2 crc32 instructions
2026-05-25 17:04:35 0 [Note] InnoDB: Initializing buffer pool, total size = 16M, instances = 1, chunk size = 16M
2026-05-25 17:04:35 0 [Note] InnoDB: Completed initialization of buffer pool
2026-05-25 17:04:35 0 [Note] InnoDB: 128 out of 128 rollback segments are active.
2026-05-25 17:04:35 0 [Note] InnoDB: Creating shared tablespace for temporary tables
2026-05-25 17:04:35 0 [Note] InnoDB: Setting file 'C:\xampp\htdocs\Kasibite\mysql\data\ibtmp1' size to 12 MB. Physically writing the file full; Please wait ...
2026-05-25 17:04:35 0 [Note] InnoDB: File 'C:\xampp\htdocs\Kasibite\mysql\data\ibtmp1' size is now 12 MB.
2026-05-25 17:04:35 0 [Note] InnoDB: Waiting for purge to start
2026-05-25 17:04:35 0 [Note] InnoDB: 10.4.32 started; log sequence number 300324; transaction id 170
2026-05-25 17:04:35 0 [Note] InnoDB: Loading buffer pool(s) from C:\xampp\htdocs\Kasibite\mysql\data\ib_buffer_pool
2026-05-25 17:04:35 0 [Note] Plugin 'FEEDBACK' is disabled.
2026-05-25 17:04:35 0 [Note] InnoDB: Buffer pool(s) load completed at 260525 17:04:35
2026-05-25 17:04:35 0 [Note] Server socket created on IP: '::'.
2026-05-25 17:04:35 0 [ERROR] Can't start server: Bind on TCP/IP port. Got error: 10048: Only one usage of each socket address (protocol/network address/port) is normally permitted.

2026-05-25 17:04:35 0 [ERROR] Do you already have another mysqld server running on port: 3306 ?
2026-05-25 17:04:35 0 [ERROR] Aborting
2026-05-25 17:17:35 0 [Note] Starting MariaDB 10.4.32-MariaDB source revision c4143f909528e3fab0677a28631d10389354c491 as process 29628
2026-05-25 17:17:35 0 [Note] InnoDB: Mutexes and rw_locks use Windows interlocked functions
2026-05-25 17:17:35 0 [Note] InnoDB: Uses event mutexes
2026-05-25 17:17:35 0 [Note] InnoDB: Compressed tables use zlib 1.3
2026-05-25 17:17:35 0 [Note] InnoDB: Number of pools: 1
2026-05-25 17:17:35 0 [Note] InnoDB: Using SSE2 crc32 instructions
2026-05-25 17:17:35 0 [Note] InnoDB: Initializing buffer pool, total size = 16M, instances = 1, chunk size = 16M
2026-05-25 17:17:35 0 [Note] InnoDB: Completed initialization of buffer pool
2026-05-25 17:17:35 0 [Note] InnoDB: 128 out of 128 rollback segments are active.
2026-05-25 17:17:35 0 [Note] InnoDB: Creating shared tablespace for temporary tables
2026-05-25 17:17:35 0 [Note] InnoDB: Setting file 'C:\xampp\htdocs\Kasibite\mysql\data\ibtmp1' size to 12 MB. Physically writing the file full; Please wait ...
2026-05-25 17:17:35 0 [Note] InnoDB: File 'C:\xampp\htdocs\Kasibite\mysql\data\ibtmp1' size is now 12 MB.
2026-05-25 17:17:35 0 [Note] InnoDB: Waiting for purge to start
2026-05-25 17:17:35 0 [Note] InnoDB: 10.4.32 started; log sequence number 300333; transaction id 170
2026-05-25 17:17:35 0 [Note] InnoDB: Loading buffer pool(s) from C:\xampp\htdocs\Kasibite\mysql\data\ib_buffer_pool
2026-05-25 17:17:35 0 [Note] Plugin 'FEEDBACK' is disabled.
2026-05-25 17:17:35 0 [Note] InnoDB: Buffer pool(s) load completed at 260525 17:17:35
2026-05-25 17:17:35 0 [Note] Server socket created on IP: '::'.
2026-05-25 17:17:35 0 [ERROR] Can't start server: Bind on TCP/IP port. Got error: 10048: Only one usage of each socket address (protocol/network address/port) is normally permitted.

2026-05-25 17:17:35 0 [ERROR] Do you already have another mysqld server running on port: 3306 ?
2026-05-25 17:17:35 0 [ERROR] Aborting
2026-05-25 17:18:37 0 [Note] Starting MariaDB 10.4.32-MariaDB source revision c4143f909528e3fab0677a28631d10389354c491 as process 10696
2026-05-25 17:18:37 0 [Note] InnoDB: Mutexes and rw_locks use Windows interlocked functions
2026-05-25 17:18:37 0 [Note] InnoDB: Uses event mutexes
2026-05-25 17:18:37 0 [Note] InnoDB: Compressed tables use zlib 1.3
2026-05-25 17:18:37 0 [Note] InnoDB: Number of pools: 1
2026-05-25 17:18:37 0 [Note] InnoDB: Using SSE2 crc32 instructions
2026-05-25 17:18:37 0 [Note] InnoDB: Initializing buffer pool, total size = 16M, instances = 1, chunk size = 16M
2026-05-25 17:18:37 0 [Note] InnoDB: Completed initialization of buffer pool
2026-05-25 17:18:37 0 [Note] InnoDB: 128 out of 128 rollback segments are active.
2026-05-25 17:18:37 0 [Note] InnoDB: Creating shared tablespace for temporary tables
2026-05-25 17:18:37 0 [Note] InnoDB: Setting file 'C:\xampp\htdocs\Kasibite\mysql\data\ibtmp1' size to 12 MB. Physically writing the file full; Please wait ...
2026-05-25 17:18:37 0 [Note] InnoDB: File 'C:\xampp\htdocs\Kasibite\mysql\data\ibtmp1' size is now 12 MB.
2026-05-25 17:18:37 0 [Note] InnoDB: Waiting for purge to start
2026-05-25 17:18:37 0 [Note] InnoDB: 10.4.32 started; log sequence number 300342; transaction id 170
2026-05-25 17:18:37 0 [Note] InnoDB: Loading buffer pool(s) from C:\xampp\htdocs\Kasibite\mysql\data\ib_buffer_pool
2026-05-25 17:18:37 0 [Note] Plugin 'FEEDBACK' is disabled.
2026-05-25 17:18:37 0 [Note] InnoDB: Buffer pool(s) load completed at 260525 17:18:37
2026-05-25 17:18:37 0 [Note] Server socket created on IP: '::'.
2026-05-25 17:18:37 0 [ERROR] Can't start server: Bind on TCP/IP port. Got error: 10048: Only one usage of each socket address (protocol/network address/port) is normally permitted.

2026-05-25 17:18:37 0 [ERROR] Do you already have another mysqld server running on port: 3306 ?
2026-05-25 17:18:37 0 [ERROR] Aborting
2026-05-25 17:18:46 0 [Note] Starting MariaDB 10.4.32-MariaDB source revision c4143f909528e3fab0677a28631d10389354c491 as process 25056
2026-05-25 17:18:46 0 [Note] InnoDB: Mutexes and rw_locks use Windows interlocked functions
2026-05-25 17:18:46 0 [Note] InnoDB: Uses event mutexes
2026-05-25 17:18:46 0 [Note] InnoDB: Compressed tables use zlib 1.3
2026-05-25 17:18:46 0 [Note] InnoDB: Number of pools: 1
2026-05-25 17:18:46 0 [Note] InnoDB: Using SSE2 crc32 instructions
2026-05-25 17:18:46 0 [Note] InnoDB: Initializing buffer pool, total size = 16M, instances = 1, chunk size = 16M
2026-05-25 17:18:46 0 [Note] InnoDB: Completed initialization of buffer pool
2026-05-25 17:18:46 0 [Note] InnoDB: 128 out of 128 rollback segments are active.
2026-05-25 17:18:46 0 [Note] InnoDB: Creating shared tablespace for temporary tables
2026-05-25 17:18:46 0 [Note] InnoDB: Setting file 'C:\xampp\htdocs\Kasibite\mysql\data\ibtmp1' size to 12 MB. Physically writing the file full; Please wait ...
2026-05-25 17:18:46 0 [Note] InnoDB: File 'C:\xampp\htdocs\Kasibite\mysql\data\ibtmp1' size is now 12 MB.
2026-05-25 17:18:46 0 [Note] InnoDB: Waiting for purge to start
2026-05-25 17:18:46 0 [Note] InnoDB: 10.4.32 started; log sequence number 300351; transaction id 170
2026-05-25 17:18:46 0 [Note] InnoDB: Loading buffer pool(s) from C:\xampp\htdocs\Kasibite\mysql\data\ib_buffer_pool
2026-05-25 17:18:46 0 [Note] Plugin 'FEEDBACK' is disabled.
2026-05-25 17:18:46 0 [Note] Server socket created on IP: '::'.
2026-05-25 17:18:46 0 [ERROR] Can't start server: Bind on TCP/IP port. Got error: 10048: Only one usage of each socket address (protocol/network address/port) is normally permitted.

2026-05-25 17:18:46 0 [Note] InnoDB: Buffer pool(s) load completed at 260525 17:18:46
2026-05-25 17:18:46 0 [ERROR] Do you already have another mysqld server running on port: 3306 ?
2026-05-25 17:18:46 0 [ERROR] Aborting
2026-05-25 17:26:59 0 [Note] Starting MariaDB 10.4.32-MariaDB source revision c4143f909528e3fab0677a28631d10389354c491 as process 19848
2026-05-25 17:26:59 0 [Note] InnoDB: Mutexes and rw_locks use Windows interlocked functions
2026-05-25 17:26:59 0 [Note] InnoDB: Uses event mutexes
2026-05-25 17:26:59 0 [Note] InnoDB: Compressed tables use zlib 1.3
2026-05-25 17:26:59 0 [Note] InnoDB: Number of pools: 1
2026-05-25 17:26:59 0 [Note] InnoDB: Using SSE2 crc32 instructions
2026-05-25 17:26:59 0 [Note] InnoDB: Initializing buffer pool, total size = 16M, instances = 1, chunk size = 16M
2026-05-25 17:26:59 0 [Note] InnoDB: Completed initialization of buffer pool
2026-05-25 17:26:59 0 [Note] InnoDB: 128 out of 128 rollback segments are active.
2026-05-25 17:26:59 0 [Note] InnoDB: Creating shared tablespace for temporary tables
2026-05-25 17:26:59 0 [Note] InnoDB: Setting file 'C:\xampp\htdocs\Kasibite\mysql\data\ibtmp1' size to 12 MB. Physically writing the file full; Please wait ...
2026-05-25 17:26:59 0 [Note] InnoDB: File 'C:\xampp\htdocs\Kasibite\mysql\data\ibtmp1' size is now 12 MB.
2026-05-25 17:26:59 0 [Note] InnoDB: Waiting for purge to start
2026-05-25 17:26:59 0 [Note] InnoDB: 10.4.32 started; log sequence number 300360; transaction id 170
2026-05-25 17:26:59 0 [Note] InnoDB: Loading buffer pool(s) from C:\xampp\htdocs\Kasibite\mysql\data\ib_buffer_pool
2026-05-25 17:26:59 0 [Note] Plugin 'FEEDBACK' is disabled.
2026-05-25 17:26:59 0 [Note] InnoDB: Buffer pool(s) load completed at 260525 17:26:59
2026-05-25 17:26:59 0 [Note] Server socket created on IP: '::'.
2026-06-02 23:32:38 0 [Note] Starting MariaDB 10.4.32-MariaDB source revision c4143f909528e3fab0677a28631d10389354c491 as process 24364
2026-06-02 23:32:38 0 [Note] InnoDB: Mutexes and rw_locks use Windows interlocked functions
2026-06-02 23:32:38 0 [Note] InnoDB: Uses event mutexes
2026-06-02 23:32:38 0 [Note] InnoDB: Compressed tables use zlib 1.3
2026-06-02 23:32:38 0 [Note] InnoDB: Number of pools: 1
2026-06-02 23:32:38 0 [Note] InnoDB: Using SSE2 crc32 instructions
2026-06-02 23:32:38 0 [Note] InnoDB: Initializing buffer pool, total size = 16M, instances = 1, chunk size = 16M
2026-06-02 23:32:38 0 [Note] InnoDB: Completed initialization of buffer pool
2026-06-02 23:32:38 0 [Note] InnoDB: Starting crash recovery from checkpoint LSN=440148
2026-06-02 23:32:39 0 [Note] InnoDB: 128 out of 128 rollback segments are active.
2026-06-02 23:32:39 0 [Note] InnoDB: Removed temporary tablespace data file: "ibtmp1"
2026-06-02 23:32:39 0 [Note] InnoDB: Creating shared tablespace for temporary tables
2026-06-02 23:32:39 0 [Note] InnoDB: Setting file 'C:\xampp\htdocs\Kasibite\mysql\data\ibtmp1' size to 12 MB. Physically writing the file full; Please wait ...
2026-06-02 23:32:39 0 [Note] InnoDB: File 'C:\xampp\htdocs\Kasibite\mysql\data\ibtmp1' size is now 12 MB.
2026-06-02 23:32:39 0 [Note] InnoDB: Waiting for purge to start
2026-06-02 23:32:39 0 [Note] InnoDB: 10.4.32 started; log sequence number 440157; transaction id 390
2026-06-02 23:32:39 0 [Note] Plugin 'FEEDBACK' is disabled.
2026-06-02 23:32:39 0 [Note] InnoDB: Loading buffer pool(s) from C:\xampp\htdocs\Kasibite\mysql\data\ib_buffer_pool
2026-06-02 23:32:39 0 [Note] InnoDB: Buffer pool(s) load completed at 260602 23:32:39
2026-06-02 23:32:39 0 [Note] Server socket created on IP: '::'.
2026-06-10 10:16:15 0 [Note] Starting MariaDB 10.4.32-MariaDB source revision c4143f909528e3fab0677a28631d10389354c491 as process 100
2026-06-10 10:16:15 0 [Note] InnoDB: Mutexes and rw_locks use Windows interlocked functions
2026-06-10 10:16:15 0 [Note] InnoDB: Uses event mutexes
2026-06-10 10:16:15 0 [Note] InnoDB: Compressed tables use zlib 1.3
2026-06-10 10:16:15 0 [Note] InnoDB: Number of pools: 1
2026-06-10 10:16:15 0 [Note] InnoDB: Using SSE2 crc32 instructions
2026-06-10 10:16:15 0 [Note] InnoDB: Initializing buffer pool, total size = 16M, instances = 1, chunk size = 16M
2026-06-10 10:16:15 0 [Note] InnoDB: Completed initialization of buffer pool
2026-06-10 10:16:15 0 [Note] InnoDB: Starting crash recovery from checkpoint LSN=486797
2026-06-10 10:16:15 0 [Note] InnoDB: 128 out of 128 rollback segments are active.
2026-06-10 10:16:15 0 [Note] InnoDB: Removed temporary tablespace data file: "ibtmp1"
2026-06-10 10:16:15 0 [Note] InnoDB: Creating shared tablespace for temporary tables
2026-06-10 10:16:15 0 [Note] InnoDB: Setting file 'C:\xampp\htdocs\Kasibite\mysql\data\ibtmp1' size to 12 MB. Physically writing the file full; Please wait ...
2026-06-10 10:16:15 0 [Note] InnoDB: File 'C:\xampp\htdocs\Kasibite\mysql\data\ibtmp1' size is now 12 MB.
2026-06-10 10:16:15 0 [Note] InnoDB: Waiting for purge to start
2026-06-10 10:16:15 0 [Note] InnoDB: 10.4.32 started; log sequence number 486806; transaction id 505
2026-06-10 10:16:15 0 [Note] InnoDB: Loading buffer pool(s) from C:\xampp\htdocs\Kasibite\mysql\data\ib_buffer_pool
2026-06-10 10:16:15 0 [Note] Plugin 'FEEDBACK' is disabled.
2026-06-10 10:16:15 0 [Note] InnoDB: Buffer pool(s) load completed at 260610 10:16:15
2026-06-10 10:16:15 0 [Note] Server socket created on IP: '::'.
2026-06-10 10:16:23 0 [Note] Starting MariaDB 10.4.32-MariaDB source revision c4143f909528e3fab0677a28631d10389354c491 as process 10884
2026-06-10 10:16:23 0 [Note] InnoDB: Mutexes and rw_locks use Windows interlocked functions
2026-06-10 10:16:23 0 [Note] InnoDB: Uses event mutexes
2026-06-10 10:16:23 0 [Note] InnoDB: Compressed tables use zlib 1.3
2026-06-10 10:16:23 0 [Note] InnoDB: Number of pools: 1
2026-06-10 10:16:23 0 [Note] InnoDB: Using SSE2 crc32 instructions
2026-06-10 10:16:23 0 [Note] InnoDB: Initializing buffer pool, total size = 16M, instances = 1, chunk size = 16M
2026-06-10 10:16:23 0 [Note] InnoDB: Completed initialization of buffer pool
2026-06-10 10:16:23 0 [Note] InnoDB: Starting crash recovery from checkpoint LSN=486797
2026-06-10 10:16:23 0 [Note] InnoDB: 128 out of 128 rollback segments are active.
2026-06-10 10:16:23 0 [Note] InnoDB: Removed temporary tablespace data file: "ibtmp1"
2026-06-10 10:16:23 0 [Note] InnoDB: Creating shared tablespace for temporary tables
2026-06-10 10:16:23 0 [Note] InnoDB: Setting file 'C:\xampp\htdocs\Kasibite\mysql\data\ibtmp1' size to 12 MB. Physically writing the file full; Please wait ...
2026-06-10 10:16:23 0 [Note] InnoDB: File 'C:\xampp\htdocs\Kasibite\mysql\data\ibtmp1' size is now 12 MB.
2026-06-10 10:16:23 0 [Note] InnoDB: Waiting for purge to start
2026-06-10 10:16:23 0 [Note] InnoDB: 10.4.32 started; log sequence number 486806; transaction id 505
2026-06-10 10:16:23 0 [Note] InnoDB: Loading buffer pool(s) from C:\xampp\htdocs\Kasibite\mysql\data\ib_buffer_pool
2026-06-10 10:16:23 0 [Note] Plugin 'FEEDBACK' is disabled.
2026-06-10 10:16:23 0 [Note] Server socket created on IP: '::'.
2026-06-10 14:13:35 0 [Note] Starting MariaDB 10.4.32-MariaDB source revision c4143f909528e3fab0677a28631d10389354c491 as process 8296
2026-06-10 14:13:35 0 [Note] InnoDB: Mutexes and rw_locks use Windows interlocked functions
2026-06-10 14:13:35 0 [Note] InnoDB: Uses event mutexes
2026-06-10 14:13:35 0 [Note] InnoDB: Compressed tables use zlib 1.3
2026-06-10 14:13:35 0 [Note] InnoDB: Number of pools: 1
2026-06-10 14:13:35 0 [Note] InnoDB: Using SSE2 crc32 instructions
2026-06-10 14:13:35 0 [Note] InnoDB: Initializing buffer pool, total size = 16M, instances = 1, chunk size = 16M
2026-06-10 14:13:35 0 [Note] InnoDB: Completed initialization of buffer pool
2026-06-10 14:13:36 0 [Note] InnoDB: Starting crash recovery from checkpoint LSN=486815
2026-06-10 14:13:36 0 [Note] InnoDB: 128 out of 128 rollback segments are active.
2026-06-10 14:13:36 0 [Note] InnoDB: Removed temporary tablespace data file: "ibtmp1"
2026-06-10 14:13:36 0 [Note] InnoDB: Creating shared tablespace for temporary tables
2026-06-10 14:13:36 0 [Note] InnoDB: Setting file 'C:\xampp\htdocs\Kasibite\mysql\data\ibtmp1' size to 12 MB. Physically writing the file full; Please wait ...
2026-06-10 14:13:36 0 [Note] InnoDB: File 'C:\xampp\htdocs\Kasibite\mysql\data\ibtmp1' size is now 12 MB.
2026-06-10 14:13:36 0 [Note] InnoDB: Waiting for purge to start
2026-06-10 14:13:36 0 [Note] InnoDB: 10.4.32 started; log sequence number 486824; transaction id 505
2026-06-10 14:13:36 0 [Note] Plugin 'FEEDBACK' is disabled.
2026-06-10 14:13:36 0 [Note] InnoDB: Loading buffer pool(s) from C:\xampp\htdocs\Kasibite\mysql\data\ib_buffer_pool
2026-06-10 14:13:36 0 [Note] InnoDB: Buffer pool(s) load completed at 260610 14:13:36
2026-06-10 14:13:36 0 [Note] Server socket created on IP: '::'.
2026-06-12  0:20:13 0 [Note] Starting MariaDB 10.4.32-MariaDB source revision c4143f909528e3fab0677a28631d10389354c491 as process 19872
2026-06-12  0:20:13 0 [Note] InnoDB: Mutexes and rw_locks use Windows interlocked functions
2026-06-12  0:20:13 0 [Note] InnoDB: Uses event mutexes
2026-06-12  0:20:13 0 [Note] InnoDB: Compressed tables use zlib 1.3
2026-06-12  0:20:13 0 [Note] InnoDB: Number of pools: 1
2026-06-12  0:20:13 0 [Note] InnoDB: Using SSE2 crc32 instructions
2026-06-12  0:20:13 0 [Note] InnoDB: Initializing buffer pool, total size = 16M, instances = 1, chunk size = 16M
2026-06-12  0:20:13 0 [Note] InnoDB: Completed initialization of buffer pool
2026-06-12  0:20:13 0 [Note] InnoDB: Starting crash recovery from checkpoint LSN=582617
2026-06-12  0:20:13 0 [Note] InnoDB: 128 out of 128 rollback segments are active.
2026-06-12  0:20:13 0 [Note] InnoDB: Removed temporary tablespace data file: "ibtmp1"
2026-06-12  0:20:13 0 [Note] InnoDB: Creating shared tablespace for temporary tables
2026-06-12  0:20:13 0 [Note] InnoDB: Setting file 'C:\xampp\htdocs\Kasibite\mysql\data\ibtmp1' size to 12 MB. Physically writing the file full; Please wait ...
2026-06-12  0:20:13 0 [Note] InnoDB: File 'C:\xampp\htdocs\Kasibite\mysql\data\ibtmp1' size is now 12 MB.
2026-06-12  0:20:13 0 [Note] InnoDB: Waiting for purge to start
2026-06-12  0:20:13 0 [Note] InnoDB: 10.4.32 started; log sequence number 582626; transaction id 680
2026-06-12  0:20:13 0 [Note] Plugin 'FEEDBACK' is disabled.
2026-06-12  0:20:13 0 [Note] InnoDB: Loading buffer pool(s) from C:\xampp\htdocs\Kasibite\mysql\data\ib_buffer_pool
2026-06-12  0:20:13 0 [Note] InnoDB: Buffer pool(s) load completed at 260612  0:20:13
2026-06-12  0:20:13 0 [Note] Server socket created on IP: '::'.
2026-06-22  8:54:40 0 [Note] Starting MariaDB 10.4.32-MariaDB source revision c4143f909528e3fab0677a28631d10389354c491 as process 2304
2026-06-22  8:54:40 0 [Note] InnoDB: Mutexes and rw_locks use Windows interlocked functions
2026-06-22  8:54:40 0 [Note] InnoDB: Uses event mutexes
2026-06-22  8:54:40 0 [Note] InnoDB: Compressed tables use zlib 1.3
2026-06-22  8:54:40 0 [Note] InnoDB: Number of pools: 1
2026-06-22  8:54:40 0 [Note] InnoDB: Using SSE2 crc32 instructions
2026-06-22  8:54:40 0 [Note] InnoDB: Initializing buffer pool, total size = 16M, instances = 1, chunk size = 16M
2026-06-22  8:54:40 0 [Note] InnoDB: Completed initialization of buffer pool
2026-06-22  8:54:40 0 [Note] InnoDB: Starting crash recovery from checkpoint LSN=806996
2026-06-22  8:54:40 0 [Note] InnoDB: 128 out of 128 rollback segments are active.
2026-06-22  8:54:40 0 [Note] InnoDB: Removed temporary tablespace data file: "ibtmp1"
2026-06-22  8:54:40 0 [Note] InnoDB: Creating shared tablespace for temporary tables
2026-06-22  8:54:40 0 [Note] InnoDB: Setting file 'C:\xampp\htdocs\Kasibite\mysql\data\ibtmp1' size to 12 MB. Physically writing the file full; Please wait ...
2026-06-22  8:54:40 0 [Note] InnoDB: File 'C:\xampp\htdocs\Kasibite\mysql\data\ibtmp1' size is now 12 MB.
2026-06-22  8:54:40 0 [Note] InnoDB: Waiting for purge to start
2026-06-22  8:54:40 0 [Note] InnoDB: 10.4.32 started; log sequence number 807005; transaction id 1017
2026-06-22  8:54:40 0 [Note] Plugin 'FEEDBACK' is disabled.
2026-06-22  8:54:40 0 [Note] InnoDB: Loading buffer pool(s) from C:\xampp\htdocs\Kasibite\mysql\data\ib_buffer_pool
2026-06-22  8:54:40 0 [Note] InnoDB: Buffer pool(s) load completed at 260622  8:54:40
2026-06-22  8:54:40 0 [Note] Server socket created on IP: '::'.
2026-06-23  8:18:14 0 [Note] Starting MariaDB 10.4.32-MariaDB source revision c4143f909528e3fab0677a28631d10389354c491 as process 7688
2026-06-23  8:18:14 0 [Note] InnoDB: Mutexes and rw_locks use Windows interlocked functions
2026-06-23  8:18:14 0 [Note] InnoDB: Uses event mutexes
2026-06-23  8:18:14 0 [Note] InnoDB: Compressed tables use zlib 1.3
2026-06-23  8:18:14 0 [Note] InnoDB: Number of pools: 1
2026-06-23  8:18:14 0 [Note] InnoDB: Using SSE2 crc32 instructions
2026-06-23  8:18:14 0 [Note] InnoDB: Initializing buffer pool, total size = 16M, instances = 1, chunk size = 16M
2026-06-23  8:18:14 0 [Note] InnoDB: Completed initialization of buffer pool
2026-06-23  8:18:14 0 [Note] InnoDB: Starting crash recovery from checkpoint LSN=1519448
2026-06-23  8:18:15 0 [Note] InnoDB: 128 out of 128 rollback segments are active.
2026-06-23  8:18:15 0 [Note] InnoDB: Removed temporary tablespace data file: "ibtmp1"
2026-06-23  8:18:15 0 [Note] InnoDB: Creating shared tablespace for temporary tables
2026-06-23  8:18:15 0 [Note] InnoDB: Setting file 'C:\xampp\htdocs\Kasibite\mysql\data\ibtmp1' size to 12 MB. Physically writing the file full; Please wait ...
2026-06-23  8:18:15 0 [Note] InnoDB: File 'C:\xampp\htdocs\Kasibite\mysql\data\ibtmp1' size is now 12 MB.
2026-06-23  8:18:15 0 [Note] InnoDB: Waiting for purge to start
2026-06-23  8:18:15 0 [Note] InnoDB: 10.4.32 started; log sequence number 1519457; transaction id 1711
2026-06-23  8:18:15 0 [Note] Plugin 'FEEDBACK' is disabled.
2026-06-23  8:18:15 0 [Note] InnoDB: Loading buffer pool(s) from C:\xampp\htdocs\Kasibite\mysql\data\ib_buffer_pool
2026-06-23  8:18:15 0 [Note] InnoDB: Buffer pool(s) load completed at 260623  8:18:15
2026-06-23  8:18:15 0 [Note] Server socket created on IP: '::'.
